P r o c e s s   t a b l e
=========================

Pid #		Load_mod
0000		rpg.out


M a p   p e r   c l u s t e r
=============================

Cluster: rom
Chips:	 bios, prc_ram, ram, io_regs, cart

Pid #	Section		Physical    Virtual     Size        Amode       Chip
0000    .min_header    	0x000000    0x002100    0x0000ac    (absolute)  cart        
0000    <reserved>     	0x000000    0x002100    0x0000d0    (absolute)  cart        
0000    <reserved>     	0x000000    0x000000    0x000100    (absolute)  bios        
0000    .frdata8620    	0x0000ac    0x0021ac    0x000004    (absolute)  cart        
0000    .frdata8624    	0x0000b0    0x0021b0    0x00000c    (absolute)  cart        
0000    .min_header_tail
                        0x0000bc    0x0021bc    0x000014    (absolute)  cart        
0000    .rtcode        	0x0000d0    0x0021d0    0x000045    code_short  cart        
0000    xvwbuffer      	0x000100    0x000100    0x0013e0    data        bios        
0000    .comm          	0x000115    0x002215    0x0000b4    code_short  cart        
0000    .startup       	0x0001c9    0x0022c9    0x0000cd    code_short  cart        
0000    .text_null_interaction
                        0x000296    0x002396    0x000001    code        cart        
0000    .text__exit    	0x000297    0x002397    0x000003    code        cart        
0000    .text_dprint_byte
                        0x00029a    0x00239a    0x000008    code        cart        
0000    .text_dprint_char
                        0x0002a2    0x0023a2    0x000008    code        cart        
0000    .text_play_startup_anim
                        0x0002aa    0x0023aa    0x00000a    code        cart        
0000    .text_dprint_str
                        0x0002b4    0x0023b4    0x000011    code        cart        
0000    .text_end_title_screen
                        0x0002c5    0x0023c5    0x000013    code        cart        
0000    .text_overworld_mainloop
                        0x0002d8    0x0023d8    0x000018    code        cart        
0000    .text_read_keys	0x0002f0    0x0023f0    0x000019    code        cart        
0000    .text_wait_key 	0x000309    0x002409    0x00001d    code        cart        
0000    .text_wait_release
                        0x000326    0x002426    0x00001d    code        cart        
0000    .text_wait_press
                        0x000343    0x002443    0x00001e    code        cart        
0000    .text_get_key  	0x000361    0x002461    0x000025    code        cart        
0000    .text_dprint_sint
                        0x000386    0x002486    0x00002a    code        cart        
0000    .text_dprint_uint
                        0x0003b0    0x0024b0    0x000036    code        cart        
0000    .frdata        	0x0003e6    0x0024e6    0x000004    data        cart        
0000    .call_interrupts
                        0x0003ea    0x0024ea    0x000015    code        cart        
0000    .frdata9472    	0x000400    0x002500    0x000010    (absolute)  cart        
0000    .text_title_screen_timer_2h
                        0x000410    0x002510    0x000050    code        cart        
0000    .text_overworld_frame_copy
                        0x000460    0x002560    0x000056    code        cart        
0000    .text_init_title_screen
                        0x0004b6    0x0025b6    0x000064    code        cart        
0000    .text_dprint_ptr
                        0x00051a    0x00261a    0x000068    code        cart        
0000    .text_display_title_screen
                        0x000582    0x002682    0x000069    code        cart        
0000    .text_main     	0x0005eb    0x0026eb    0x00006a    code        cart        
0000    .text_fadein   	0x000655    0x002755    0x00007b    code        cart        
0000    .text_fadeout  	0x0006d0    0x0027d0    0x000088    code        cart        
0000    .text_overworld_init
                        0x000758    0x002858    0x0000b8    code        cart        
0000    .text_dprintf  	0x000810    0x002910    0x0001fe    code        cart        
0000    .copy_image_gddram
                        0x000a0e    0x002b0e    0x000689    code        cart        
0000    table          	0x001098    0x003198    0x000017    code        cart        
0000    .frdata32768   	0x005f00    0x008000    0x002400    (absolute)  cart        


Cluster: ram
Chips:	 bios, prc_ram, ram, io_regs, cart

Pid #	Section		Physical    Virtual     Size        Amode       Chip
0000    .fbss          	0x000000    0x0014e0    0x000002    data        ram         
0000    .fbss5348      	0x000004    0x0014e4    0x000003    (absolute)  ram         
0000    stack          	0x000008    0x0014e8    0x000c18    data        ram         


M A P   p e r   L O A D _ M O D
===============================


Load module rpg.out:
Section        	Virtual     Size        Physical    
xvwbuffer      	0x000100    0x0013e0    0x000100    
.fbss          	0x0014e0    0x000002    0x000000    
.fbss5348      	0x0014e4    0x000003    0x000004    
stack          	0x0014e8    0x000c18    0x000008    
.min_header    	0x002100    0x0000ac    0x000000    
.frdata8620    	0x0021ac    0x000004    0x0000ac    
.frdata8624    	0x0021b0    0x00000c    0x0000b0    
.min_header_tail
                0x0021bc    0x000014    0x0000bc    
.rtcode        	0x0021d0    0x000045    0x0000d0    
.comm          	0x002215    0x0000b4    0x000115    
.startup       	0x0022c9    0x0000cd    0x0001c9    
.text_null_interaction
                0x002396    0x000001    0x000296    
.text__exit    	0x002397    0x000003    0x000297    
.text_dprint_byte
                0x00239a    0x000008    0x00029a    
.text_dprint_char
                0x0023a2    0x000008    0x0002a2    
.text_play_startup_anim
                0x0023aa    0x00000a    0x0002aa    
.text_dprint_str
                0x0023b4    0x000011    0x0002b4    
.text_end_title_screen
                0x0023c5    0x000013    0x0002c5    
.text_overworld_mainloop
                0x0023d8    0x000018    0x0002d8    
.text_read_keys	0x0023f0    0x000019    0x0002f0    
.text_wait_key 	0x002409    0x00001d    0x000309    
.text_wait_release
                0x002426    0x00001d    0x000326    
.text_wait_press
                0x002443    0x00001e    0x000343    
.text_get_key  	0x002461    0x000025    0x000361    
.text_dprint_sint
                0x002486    0x00002a    0x000386    
.text_dprint_uint
                0x0024b0    0x000036    0x0003b0    
.frdata        	0x0024e6    0x000004    0x0003e6    
.call_interrupts
                0x0024ea    0x000015    0x0003ea    
.frdata9472    	0x002500    0x000010    0x000400    
.text_title_screen_timer_2h
                0x002510    0x000050    0x000410    
.text_overworld_frame_copy
                0x002560    0x000056    0x000460    
.text_init_title_screen
                0x0025b6    0x000064    0x0004b6    
.text_dprint_ptr
                0x00261a    0x000068    0x00051a    
.text_display_title_screen
                0x002682    0x000069    0x000582    
.text_main     	0x0026eb    0x00006a    0x0005eb    
.text_fadein   	0x002755    0x00007b    0x000655    
.text_fadeout  	0x0027d0    0x000088    0x0006d0    
.text_overworld_init
                0x002858    0x0000b8    0x000758    
.text_dprintf  	0x002910    0x0001fe    0x000810    
.copy_image_gddram
                0x002b0e    0x000689    0x000a0e    
table          	0x003198    0x000017    0x001098    
.frdata32768   	0x008000    0x002400    0x005f00    
 
Symbols:  Space SMC88_space
                   Sorted on symbol                      Sorted on address
                   ----------------                      -----------------
                 __BLCPS - 0x0021f9           __lc_ub_xvwbuffer - 0x000100
                 __MULXI - 0x0021d0           __lc_ue_xvwbuffer - 0x0014e0
                 __START - 0x0022c9                 _game_state - 0x0014e0
             __copytable - 0x002307                 _screen_ptr - 0x0014e4
                  __exit - 0x002397                     __lc_es - 0x002100
                 __lc_cp - 0x003198                  _game_code - 0x0021ac
                 __lc_es - 0x002100                 _game_title - 0x0021b0
       __lc_ub_xvwbuffer - 0x000100                     __MULXI - 0x0021d0
       __lc_ue_xvwbuffer - 0x0014e0                     __BLCPS - 0x0021f9
             __start_cpt - 0x0022c9         _prc_frame_copy_irq - 0x002215
        _adjust_contrast - 0x0024ef             _prc_render_irq - 0x002245
 _apply_default_contrast - 0x0024f4     _timer_2h_underflow_irq - 0x002248
          _cartridge_irq - 0x0022c6     _timer_2l_underflow_irq - 0x002270
      _copy_image_gddram - 0x002b0e     _timer_1h_underflow_irq - 0x002273
   _display_title_screen - 0x002682     _timer_1l_underflow_irq - 0x002276
            _dprint_byte - 0x00239a     _timer_3h_underflow_irq - 0x002279
            _dprint_char - 0x0023a2            _timer_3_cmp_irq - 0x00227c
             _dprint_ptr - 0x00261a             _timer_32hz_irq - 0x00227f
            _dprint_sint - 0x002486              _timer_8hz_irq - 0x002282
             _dprint_str - 0x0023b4              _timer_2hz_irq - 0x002285
            _dprint_uint - 0x0024b0              _timer_1hz_irq - 0x002288
                _dprintf - 0x002910                  _ir_rx_irq - 0x00228b
       _end_title_screen - 0x0023c5                  _shake_irq - 0x00228e
                 _fadein - 0x002755              _key_power_irq - 0x002291
                _fadeout - 0x0027d0              _key_right_irq - 0x0022ae
              _game_code - 0x0021ac               _key_left_irq - 0x0022b1
             _game_state - 0x0014e0               _key_down_irq - 0x0022b4
             _game_title - 0x0021b0                 _key_up_irq - 0x0022b7
   _get_default_contrast - 0x0024f7                  _key_c_irq - 0x0022ba
                _get_key - 0x002461                  _key_b_irq - 0x0022bd
      _init_title_screen - 0x0025b6                  _key_a_irq - 0x0022c0
              _ir_rx_irq - 0x00228b                _unknown_irq - 0x0022c3
              _key_a_irq - 0x0022c0              _cartridge_irq - 0x0022c6
              _key_b_irq - 0x0022bd                 __start_cpt - 0x0022c9
              _key_c_irq - 0x0022ba                     __START - 0x0022c9
           _key_down_irq - 0x0022b4                 __copytable - 0x002307
           _key_left_irq - 0x0022b1           _null_interaction - 0x002396
          _key_power_irq - 0x002291                      __exit - 0x002397
          _key_right_irq - 0x0022ae                _dprint_byte - 0x00239a
             _key_up_irq - 0x0022b7                _dprint_char - 0x0023a2
                   _main - 0x0026eb          _play_startup_anim - 0x0023aa
       _null_interaction - 0x002396                 _dprint_str - 0x0023b4
   _overworld_frame_copy - 0x002560           _end_title_screen - 0x0023c5
         _overworld_init - 0x002858         _overworld_mainloop - 0x0023d8
     _overworld_mainloop - 0x0023d8                  _read_keys - 0x0023f0
      _play_startup_anim - 0x0023aa                   _wait_key - 0x002409
     _prc_frame_copy_irq - 0x002215               _wait_release - 0x002426
         _prc_render_irq - 0x002245                 _wait_press - 0x002443
              _read_keys - 0x0023f0                    _get_key - 0x002461
             _screen_ptr - 0x0014e4                _dprint_sint - 0x002486
                _screens - 0x008000                _dprint_uint - 0x0024b0
           _set_contrast - 0x0024fa                 _tile_attrs - 0x0024e6
   _set_default_contrast - 0x0024ea       _set_default_contrast - 0x0024ea
              _shake_irq - 0x00228e            _adjust_contrast - 0x0024ef
             _tile_attrs - 0x0024e6     _apply_default_contrast - 0x0024f4
                  _tiles - 0x002500       _get_default_contrast - 0x0024f7
 _timer_1h_underflow_irq - 0x002273               _set_contrast - 0x0024fa
          _timer_1hz_irq - 0x002288                      _tiles - 0x002500
 _timer_1l_underflow_irq - 0x002276      _title_screen_timer_2h - 0x002510
 _timer_2h_underflow_irq - 0x002248       _overworld_frame_copy - 0x002560
          _timer_2hz_irq - 0x002285          _init_title_screen - 0x0025b6
 _timer_2l_underflow_irq - 0x002270                 _dprint_ptr - 0x00261a
         _timer_32hz_irq - 0x00227f       _display_title_screen - 0x002682
        _timer_3_cmp_irq - 0x00227c                       _main - 0x0026eb
 _timer_3h_underflow_irq - 0x002279                     _fadein - 0x002755
          _timer_8hz_irq - 0x002282                    _fadeout - 0x0027d0
  _title_screen_timer_2h - 0x002510             _overworld_init - 0x002858
            _unknown_irq - 0x0022c3                    _dprintf - 0x002910
               _wait_key - 0x002409          _copy_image_gddram - 0x002b0e
             _wait_press - 0x002443                     __lc_cp - 0x003198
           _wait_release - 0x002426                    _screens - 0x008000


Sections:

DEBUG:
                     Section   Virtual     Size        
           .text_dprint_byte - 0x00239a    0x000008
           .text_dprint_char - 0x0023a2    0x000008
            .text_dprint_ptr - 0x00261a    0x000068
           .text_dprint_sint - 0x002486    0x00002a
            .text_dprint_str - 0x0023b4    0x000011
           .text_dprint_uint - 0x0024b0    0x000036
               .text_dprintf - 0x002910    0x0001fe

INPUT:
                     Section   Virtual     Size        
               .text_get_key - 0x002461    0x000025
             .text_read_keys - 0x0023f0    0x000019
              .text_wait_key - 0x002409    0x00001d
            .text_wait_press - 0x002443    0x00001e
          .text_wait_release - 0x002426    0x00001d

ISR:
                     Section   Virtual     Size        
                       .comm - 0x002215    0x0000b4
                 .text__exit - 0x002397    0x000003

MAIN:
                     Section   Virtual     Size        
                 .frdata8620 - 0x0021ac    0x000004
                 .frdata8624 - 0x0021b0    0x00000c
                  .text_main - 0x0026eb    0x00006a

OVERWORL:
                     Section   Virtual     Size        
                 .frdata9472 - 0x002500    0x000010
  .text_overworld_frame_copy - 0x002560    0x000056
        .text_overworld_init - 0x002858    0x0000b8
    .text_overworld_mainloop - 0x0023d8    0x000018

SCREENFA:
                     Section   Virtual     Size        
                .text_fadein - 0x002755    0x00007b
               .text_fadeout - 0x0027d0    0x000088

STARTUP_:
                     Section   Virtual     Size        
     .text_play_startup_anim - 0x0023aa    0x00000a

STATE:
                     Section   Virtual     Size        
                       .fbss - 0x0014e0    0x000002

TILE_ATT:
                     Section   Virtual     Size        
                     .frdata - 0x0024e6    0x000004
      .text_null_interaction - 0x002396    0x000001

TITLE_SC:
                     Section   Virtual     Size        
                   .fbss5348 - 0x0014e4    0x000003
                .frdata32768 - 0x008000    0x002400
  .text_display_title_screen - 0x002682    0x000069
      .text_end_title_screen - 0x0023c5    0x000013
     .text_init_title_screen - 0x0025b6    0x000064
 .text_title_screen_timer_2h - 0x002510    0x000050

copy_image:
                     Section   Virtual     Size        
          .copy_image_gddram - 0x002b0e    0x000689

interrupt:
                     Section   Virtual     Size        
            .call_interrupts - 0x0024ea    0x000015

startup:
                     Section   Virtual     Size        
                 .min_header - 0x002100    0x0000ac
            .min_header_tail - 0x0021bc    0x000014
                    .startup - 0x0022c9    0x00003e

_copytbl:
                     Section   Virtual     Size        
                    .startup - 0x002307    0x00008f

_MULXI:
                     Section   Virtual     Size        
                     .rtcode - 0x0021d0    0x000029

_BLCPS:
                     Section   Virtual     Size        
                     .rtcode - 0x0021f9    0x00001c
